
**** 04/16/26 01:47:08 *********** Evaluation PSpice (Nov 1999) **************

 * C:\Users\hrido\OneDrive\Desktop\EEE\clipper series.sch


 ****     CIRCUIT DESCRIPTION


******************************************************************************




* Schematics Version 9.1 - Web Update 1
* Thu Apr 16 01:45:53 2026



** Analysis setup **
.tran 0ns 2s
.OP 


* From [PSPICE NETLIST] section of pspiceev.ini:
.lib "nom.lib"

.INC "clipper series.net"

**** INCLUDING "clipper series.net" ****
* Schematics Netlist *



R_R1         0 $N_0001  1k  
V_V1         $N_0002 0  
+SIN 0 10 4 0 0 0
D_D2         $N_0002 $N_0001 D1N4148 

**** RESUMING "clipper series.cir" ****
.INC "clipper series.als"



**** INCLUDING "clipper series.als" ****
* Schematics Aliases *

.ALIASES
R_R1            R1(1=0 2=$N_0001 )
V_V1            V1(+=$N_0002 -=0 )
D_D2            D2(1=$N_0002 2=$N_0001 )
.ENDALIASES


**** RESUMING "clipper series.cir" ****
.probe


.END

**** 04/16/26 01:47:08 *********** Evaluation PSpice (Nov 1999) **************

 * C:\Users\hrido\OneDrive\Desktop\EEE\clipper series.sch


 ****     Diode MODEL PARAMETERS


******************************************************************************




               D1N4148         
          IS    2.682000E-09 
           N    1.836        
         ISR    1.565000E-09 
         IKF     .04417      
          BV  100            
         IBV  100.000000E-06 
          RS     .5664       
          TT   11.540000E-09 
         CJO    4.000000E-12 
          VJ     .5          
           M     .3333       


**** 04/16/26 01:47:08 *********** Evaluation PSpice (Nov 1999) **************

 * C:\Users\hrido\OneDrive\Desktop\EEE\clipper series.sch


 ****     SMALL SIGNAL BIAS SOLUTION       TEMPERATURE =   27.000 DEG C


******************************************************************************



 NODE   VOLTAGE     NODE   VOLTAGE     NODE   VOLTAGE     NODE   VOLTAGE


($N_0001) 88.03E-24                   ($N_0002)    0.0000                   




    VOLTAGE SOURCE CURRENTS
    NAME         CURRENT

    V_V1        -8.803E-26

    TOTAL POWER DISSIPATION   0.00E+00  WATTS


**** 04/16/26 01:47:08 *********** Evaluation PSpice (Nov 1999) **************

 * C:\Users\hrido\OneDrive\Desktop\EEE\clipper series.sch


 ****     OPERATING POINT INFORMATION      TEMPERATURE =   27.000 DEG C


******************************************************************************






**** DIODES


NAME         D_D2      
MODEL        D1N4148   
ID           0.00E+00 
VD          -8.80E-23 
REQ          1.15E+07 
CAP          4.00E-12 
**** 04/16/26 01:47:08 *********** Evaluation PSpice (Nov 1999) **************

 * C:\Users\hrido\OneDrive\Desktop\EEE\clipper series.sch


 ****     INITIAL TRANSIENT SOLUTION       TEMPERATURE =   27.000 DEG C


******************************************************************************



 NODE   VOLTAGE     NODE   VOLTAGE     NODE   VOLTAGE     NODE   VOLTAGE


($N_0001) 88.03E-24                   ($N_0002)    0.0000                   




    VOLTAGE SOURCE CURRENTS
    NAME         CURRENT

    V_V1        -8.803E-26

    TOTAL POWER DISSIPATION   0.00E+00  WATTS



          JOB CONCLUDED

          TOTAL JOB TIME            0.00
