
**** 06/11/26 02:43:48 *********** Evaluation PSpice (Nov 1999) **************

 * C:\Users\hrido\OneDrive\Desktop\EEE\highpassfilter.sch


 ****     CIRCUIT DESCRIPTION


******************************************************************************




* Schematics Version 9.1 - Web Update 1
* Thu Jun 11 02:43:02 2026



** Analysis setup **
.ac DEC 101 10 100K
.tran 0ns 1000ns
.OP 


* From [PSPICE NETLIST] section of pspiceev.ini:
.lib "nom.lib"

.INC "highpassfilter.net"

**** INCLUDING highpassfilter.net ****
* Schematics Netlist *



E_U1         $N_0003 0 VALUE {LIMIT(V($N_0001,$N_0002)*1E6,-15V,+15V)}
R_R1         $N_0002 $N_0003  10k  
V_V1         $N_0004 0  
+SIN 0 10 4 0 0 0
R_R3         0 $N_0002  10k  
R_R4         $N_0001 0  10k  
C_C2         $N_0004 $N_0001  1n  

**** RESUMING highpassfilter.cir ****
.INC "highpassfilter.als"



**** INCLUDING highpassfilter.als ****
* Schematics Aliases *

.ALIASES
E_U1            U1(OUT=$N_0003 +=$N_0001 -=$N_0002 )
R_R1            R1(1=$N_0002 2=$N_0003 )
V_V1            V1(+=$N_0004 -=0 )
R_R3            R3(1=0 2=$N_0002 )
R_R4            R4(1=$N_0001 2=0 )
C_C2            C2(1=$N_0004 2=$N_0001 )
.ENDALIASES


**** RESUMING highpassfilter.cir ****
.probe


.END

**** 06/11/26 02:43:48 *********** Evaluation PSpice (Nov 1999) **************

 * C:\Users\hrido\OneDrive\Desktop\EEE\highpassfilter.sch


 ****     SMALL SIGNAL BIAS SOLUTION       TEMPERATURE =   27.000 DEG C


******************************************************************************



 NODE   VOLTAGE     NODE   VOLTAGE     NODE   VOLTAGE     NODE   VOLTAGE


($N_0001)    0.0000                   ($N_0002)    0.0000                       

($N_0003)    0.0000                   ($N_0004)    0.0000                   




    VOLTAGE SOURCE CURRENTS
    NAME         CURRENT

    V_V1         0.000E+00

    TOTAL POWER DISSIPATION   0.00E+00  WATTS


**** 06/11/26 02:43:48 *********** Evaluation PSpice (Nov 1999) **************

 * C:\Users\hrido\OneDrive\Desktop\EEE\highpassfilter.sch


 ****     OPERATING POINT INFORMATION      TEMPERATURE =   27.000 DEG C


******************************************************************************






**** VOLTAGE-CONTROLLED VOLTAGE SOURCES


NAME         E_U1      
V-SOURCE     0.000E+00
I-SOURCE     0.000E+00
WARNING -- No AC sources -- AC Sweep ignored
**** 06/11/26 02:43:48 *********** Evaluation PSpice (Nov 1999) **************

 * C:\Users\hrido\OneDrive\Desktop\EEE\highpassfilter.sch


 ****     INITIAL TRANSIENT SOLUTION       TEMPERATURE =   27.000 DEG C


******************************************************************************



 NODE   VOLTAGE     NODE   VOLTAGE     NODE   VOLTAGE     NODE   VOLTAGE


($N_0001)    0.0000                   ($N_0002)    0.0000                       

($N_0003)    0.0000                   ($N_0004)    0.0000                   




    VOLTAGE SOURCE CURRENTS
    NAME         CURRENT

    V_V1         0.000E+00

    TOTAL POWER DISSIPATION   0.00E+00  WATTS



          JOB CONCLUDED

          TOTAL JOB TIME            0.00
