
**** 06/11/26 12:59:56 *********** Evaluation PSpice (Nov 1999) **************

 * C:\Users\hrido\OneDrive\Desktop\EEE\lowpassfilter.sch


 ****     CIRCUIT DESCRIPTION


******************************************************************************




* Schematics Version 9.1 - Web Update 1
* Thu Jun 11 03:01:00 2026



** Analysis setup **
.ac DEC 101 10 100K
.tran 0ns 2ns
.OP 


* From [PSPICE NETLIST] section of pspiceev.ini:
.lib "nom.lib"

.INC "lowpassfilter.net"

**** INCLUDING lowpassfilter.net ****
* Schematics Netlist *



E_U1         $N_0002 0 VALUE {LIMIT(V($N_0001,0)*1E6,-15V,+15V)}
R_R1         0 $N_0002  10k  
C_C1         $N_0001 0  0.022u  
V_V1         $N_0003 0  
+SIN 0 10 4 0 0 0
R_R2         $N_0003 $N_0001  10k  

**** RESUMING lowpassfilter.cir ****
.INC "lowpassfilter.als"



**** INCLUDING lowpassfilter.als ****
* Schematics Aliases *

.ALIASES
E_U1            U1(OUT=$N_0002 +=$N_0001 -=0 )
R_R1            R1(1=0 2=$N_0002 )
C_C1            C1(1=$N_0001 2=0 )
V_V1            V1(+=$N_0003 -=0 )
R_R2            R2(1=$N_0003 2=$N_0001 )
.ENDALIASES


**** RESUMING lowpassfilter.cir ****
.probe


.END

**** 06/11/26 12:59:56 *********** Evaluation PSpice (Nov 1999) **************

 * C:\Users\hrido\OneDrive\Desktop\EEE\lowpassfilter.sch


 ****     SMALL SIGNAL BIAS SOLUTION       TEMPERATURE =   27.000 DEG C


******************************************************************************



 NODE   VOLTAGE     NODE   VOLTAGE     NODE   VOLTAGE     NODE   VOLTAGE


($N_0001)    0.0000                   ($N_0002)    0.0000                       

($N_0003)    0.0000                   




    VOLTAGE SOURCE CURRENTS
    NAME         CURRENT

    V_V1         0.000E+00

    TOTAL POWER DISSIPATION   0.00E+00  WATTS


**** 06/11/26 12:59:56 *********** Evaluation PSpice (Nov 1999) **************

 * C:\Users\hrido\OneDrive\Desktop\EEE\lowpassfilter.sch


 ****     OPERATING POINT INFORMATION      TEMPERATURE =   27.000 DEG C


******************************************************************************






**** VOLTAGE-CONTROLLED VOLTAGE SOURCES


NAME         E_U1      
V-SOURCE     0.000E+00
I-SOURCE     0.000E+00
WARNING -- No AC sources -- AC Sweep ignored
**** 06/11/26 12:59:56 *********** Evaluation PSpice (Nov 1999) **************

 * C:\Users\hrido\OneDrive\Desktop\EEE\lowpassfilter.sch


 ****     INITIAL TRANSIENT SOLUTION       TEMPERATURE =   27.000 DEG C


******************************************************************************



 NODE   VOLTAGE     NODE   VOLTAGE     NODE   VOLTAGE     NODE   VOLTAGE


($N_0001)    0.0000                   ($N_0002)    0.0000                       

($N_0003)    0.0000                   




    VOLTAGE SOURCE CURRENTS
    NAME         CURRENT

    V_V1         0.000E+00

    TOTAL POWER DISSIPATION   0.00E+00  WATTS



          JOB CONCLUDED

          TOTAL JOB TIME             .03
