
**** 04/16/26 00:58:04 *********** Evaluation PSpice (Nov 1999) **************

 * C:\Users\hrido\OneDrive\Desktop\EEE\opamp-idifferentiator.sch


 ****     CIRCUIT DESCRIPTION


******************************************************************************




* Schematics Version 9.1 - Web Update 1
* Thu Apr 16 00:58:04 2026



** Analysis setup **
.tran 0ns 2.5s
.OP 


* From [PSPICE NETLIST] section of pspiceev.ini:
.lib "nom.lib"

.INC "opamp-idifferentiator.net"

**** INCLUDING opamp-idifferentiator.net ****
* Schematics Netlist *



E_U1         $N_0002 0 VALUE {LIMIT(V(0,$N_0001)*1E6,-15V,+15V)}
V_V1         0 $N_0003  
+SIN 0 10 4 0 0 0
C_C1         $N_0003 $N_0001  1u  
R_R1         $N_0001 $N_0002  10k  

**** RESUMING opamp-idifferentiator.cir ****
.INC "opamp-idifferentiator.als"



**** INCLUDING opamp-idifferentiator.als ****
* Schematics Aliases *

.ALIASES
E_U1            U1(OUT=$N_0002 +=0 -=$N_0001 )
V_V1            V1(+=0 -=$N_0003 )
C_C1            C1(1=$N_0003 2=$N_0001 )
R_R1            R1(1=$N_0001 2=$N_0002 )
.ENDALIASES


**** RESUMING opamp-idifferentiator.cir ****
.probe


.END

**** 04/16/26 00:58:04 *********** Evaluation PSpice (Nov 1999) **************

 * C:\Users\hrido\OneDrive\Desktop\EEE\opamp-idifferentiator.sch


 ****     SMALL SIGNAL BIAS SOLUTION       TEMPERATURE =   27.000 DEG C


******************************************************************************



 NODE   VOLTAGE     NODE   VOLTAGE     NODE   VOLTAGE     NODE   VOLTAGE


($N_0001)    0.0000                   ($N_0002)    0.0000                       

($N_0003)    0.0000                   




    VOLTAGE SOURCE CURRENTS
    NAME         CURRENT

    V_V1         0.000E+00

    TOTAL POWER DISSIPATION   0.00E+00  WATTS


**** 04/16/26 00:58:04 *********** Evaluation PSpice (Nov 1999) **************

 * C:\Users\hrido\OneDrive\Desktop\EEE\opamp-idifferentiator.sch


 ****     OPERATING POINT INFORMATION      TEMPERATURE =   27.000 DEG C


******************************************************************************






**** VOLTAGE-CONTROLLED VOLTAGE SOURCES


NAME         E_U1      
V-SOURCE     0.000E+00
I-SOURCE     0.000E+00
**** 04/16/26 00:58:04 *********** Evaluation PSpice (Nov 1999) **************

 * C:\Users\hrido\OneDrive\Desktop\EEE\opamp-idifferentiator.sch


 ****     INITIAL TRANSIENT SOLUTION       TEMPERATURE =   27.000 DEG C


******************************************************************************



 NODE   VOLTAGE     NODE   VOLTAGE     NODE   VOLTAGE     NODE   VOLTAGE


($N_0001)    0.0000                   ($N_0002)    0.0000                       

($N_0003)    0.0000                   




    VOLTAGE SOURCE CURRENTS
    NAME         CURRENT

    V_V1         0.000E+00

    TOTAL POWER DISSIPATION   0.00E+00  WATTS



          JOB CONCLUDED

          TOTAL JOB TIME             .02
